---
source: fuel-tx/src/contract.rs
expression: root
---
0x68f7f8883fec754c9a3938f6a10ae0aad264aa6ac9a48625e8274ebef3baeaff
