---
source: fuel-tx/src/contract.rs
expression: root
---
0x76cb99c0152f30e1d89e81a0990a63e601a0c92b68970b2200bfc1efed5bb821
