---
source: fuel-tx/src/contract.rs
expression: root
---
0x96818f1a8c2a92899eb2b72e0a8d2a7e038f7141ffa50423174622e604a93934
