---
source: fuel-tx/src/contract.rs
expression: root
---
0x747b025f1f76f3cbd21148a758130e87a9b52d95c148af4eccef1d69972566c7
