---
source: fuel-tx/src/contract.rs
expression: root
---
0x39e8f866a79bd977c114ed7ad7760d71b4ea3c7d2bfc69df0bfeadac20b86283
