---
source: fuel-tx/src/contract.rs
expression: root
---
0x43877670d0908e3e92d35262e23a2811a4328a170b259d36197999218c192f56
