---
source: fuel-tx/src/contract.rs
expression: root
---
0xf42f29750ca41d0a42b72bef126b1210fbf4e4be2f5c58022ea7a7bcb114d1d2
