---
source: fuel-tx/src/contract.rs
expression: root
---
0xed243c34fb82b7bde2b0fc88b0864223aa2e39f466d1b6dad47da0813132ea3e
