---
source: fuel-tx/src/contract.rs
expression: root
---
0xc2d3e0c094e693995c14ae45d58c1dbb09dbfd499980713e4bd234359364981e
