---
source: fuel-tx/src/contract.rs
expression: root
---
0x53eedb002059937d5f97f7a0bf5b5031e1836a7b1668a02346dd7bbe8d17ffc6
