---
source: fuel-tx/src/contract.rs
expression: state_root
---
0xa37ba5fbf58ddab7c58584fcde773fe58be1aa71f2624fe2909fd75ce23c040c
