---
source: fuel-tx/src/contract.rs
expression: root
---
0x9df50ce9ebbb6c67bf487fd9c12f08f2fbc4ac2c2d3f1ecdf01e668967f6660b
