---
source: fuel-tx/src/contract.rs
expression: root
---
0x0fc2069771b3c7e3c1043489129bd5dd3f3c4dea138df73072635f78ae2d936b
